[debug] [2026-07-08T16:35:53.231Z] ----------------------------------------------------------------------
[debug] [2026-07-08T16:35:53.236Z] Command:       C:\Program Files\nodejs\node.exe C:\Users\HP 250 G10\AppData\Local\npm-cache\_npx\7750544ccf494d8b\node_modules\firebase-tools\lib\bin\firebase.js deploy
[debug] [2026-07-08T16:35:53.237Z] CLI Version:   15.22.4
[debug] [2026-07-08T16:35:53.237Z] Platform:      win32
[debug] [2026-07-08T16:35:53.237Z] Node Version:  v24.15.0
[debug] [2026-07-08T16:35:53.237Z] Detected Agent: unknown
[debug] [2026-07-08T16:35:53.238Z] Time:          Wed Jul 08 2026 13:35:53 GMT-0300 (hora estándar de Paraguay)
[debug] [2026-07-08T16:35:53.238Z] ----------------------------------------------------------------------
[debug] 
[debug] [2026-07-08T16:35:53.243Z] >>> [apiv2][query] GET https://firebase-public.firebaseio.com/cli.json [none]
[debug] [2026-07-08T16:35:59.201Z] > command requires scopes: ["email","openid","https://www.googleapis.com/auth/cloudplatformprojects.readonly","https://www.googleapis.com/auth/firebase","https://www.googleapis.com/auth/cloud-platform"]
[debug] [2026-07-08T16:35:59.202Z] > authorizing via signed-in user (wmlumen@gmail.com)
[debug] [2026-07-08T16:35:59.202Z] [iam] checking project mmpy-146a6 for permissions ["firebase.projects.get","firebasehosting.sites.update"]
[debug] [2026-07-08T16:35:59.203Z] Checked if tokens are valid: false, expires at: 1778979887255
[debug] [2026-07-08T16:35:59.203Z] Checked if tokens are valid: false, expires at: 1778979887255
[debug] [2026-07-08T16:35:59.204Z] > refreshing access token with scopes: []
[debug] [2026-07-08T16:35:59.205Z] >>> [apiv2][query] POST https://www.googleapis.com/oauth2/v3/token [none]
[debug] [2026-07-08T16:35:59.205Z] >>> [apiv2][body] POST https://www.googleapis.com/oauth2/v3/token [omitted]
[debug] [2026-07-08T16:35:59.210Z] *** [apiv2] error from fetch(https://firebase-public.firebaseio.com/cli.json, {"headers":{},"method":"GET"}): FetchError: request to https://firebase-public.firebaseio.com/cli.json failed, reason: getaddrinfo ENOTFOUND firebase-public.firebaseio.com
[warn] !  Unable to fetch the CLI MOTD and remote config. This is not a fatal error, but may indicate an issue with your network connection. 
[debug] [2026-07-08T16:35:59.211Z] Failed to fetch MOTD FirebaseError: Failed to make request to https://firebase-public.firebaseio.com/cli.json
[debug] [2026-07-08T16:35:59.212Z] *** [apiv2] error from fetch(https://www.googleapis.com/oauth2/v3/token, {"headers":{},"method":"POST","body":{"type":"Buffer","data":[45,45,45,45,45,45,45,45,45,45,45,45,45,45,45,45,45,45,45,45,45,45,45,45,45,45,45,45,50,54,54,101,51,51,51,99,51,99,54,97,56,99,50,98,49,98,54,57,99,54,53,49,13,10,67,111,110,116,101,110,116,45,68,105,115,112,111,115,105,116,105,111,110,58,32,102,111,114,109,45,100,97,116,97,59,32,110,97,109,101,61,34,114,101,102,114,101,115,104,95,116,111,107,101,110,34,13,10,13,10,49,47,47,48,104,104,113,120,86,103,48,107,88,70,87,111,67,103,89,73,65,82,65,65,71,66,69,83,78,119,70,45,76,57,73,114,68,45,67,114,112,104,77,110,75,118,77,120,105,82,84,117,83,56,52,52,45,81,90,54,89,89,119,70,77,67,71,54,55,122,73,77,77,98,99,87,53,114,51,81,81,66,56,85,102,99,97,69,102,122,87,107,90,117,80,90,107,78,45,67,98,49,111,13,10,45,45,45,45,45,45,45,45,45,45,45,45,45,45,45,45,45,45,45,45,45,45,45,45,45,45,45,45,50,54,54,101,51,51,51,99,51,99,54,97,56,99,50,98,49,98,54,57,99,54,53,49,13,10,67,111,110,116,101,110,116,45,68,105,115,112,111,115,105,116,105,111,110,58,32,102,111,114,109,45,100,97,116,97,59,32,110,97,109,101,61,34,99,108,105,101,110,116,95,105,100,34,13,10,13,10,53,54,51,53,56,52,51,51,53,56,54,57,45,102,103,114,104,103,109,100,52,55,98,113,110,101,107,105,106,53,105,56,98,53,112,114,48,51,104,111,56,52,57,101,54,46,97,112,112,115,46,103,111,111,103,108,101,117,115,101,114,99,111,110,116,101,110,116,46,99,111,109,13,10,45,45,45,45,45,45,45,45,45,45,45,45,45,45,45,45,45,45,45,45,45,45,45,45,45,45,45,45,50,54,54,101,51,51,51,99,51,99,54,97,56,99,50,98,49,98,54,57,99,54,53,49,13,10,67,111,110,116,101,110,116,45,68,105,115,112,111,115,105,116,105,111,110,58,32,102,111,114,109,45,100,97,116,97,59,32,110,97,109,101,61,34,99,108,105,101,110,116,95,115,101,99,114,101,116,34,13,10,13,10,106,57,105,86,90,102,83,56,107,107,67,69,70,85,80,97,65,101,74,86,48,115,65,105,13,10,45,45,45,45,45,45,45,45,45,45,45,45,45,45,45,45,45,45,45,45,45,45,45,45,45,45,45,45,50,54,54,101,51,51,51,99,51,99,54,97,56,99,50,98,49,98,54,57,99,54,53,49,13,10,67,111,110,116,101,110,116,45,68,105,115,112,111,115,105,116,105,111,110,58,32,102,111,114,109,45,100,97,116,97,59,32,110,97,109,101,61,34,103,114,97,110,116,95,116,121,112,101,34,13,10,13,10,114,101,102,114,101,115,104,95,116,111,107,101,110,13,10,45,45,45,45,45,45,45,45,45,45,45,45,45,45,45,45,45,45,45,45,45,45,45,45,45,45,45,45,50,54,54,101,51,51,51,99,51,99,54,97,56,99,50,98,49,98,54,57,99,54,53,49,13,10,67,111,110,116,101,110,116,45,68,105,115,112,111,115,105,116,105,111,110,58,32,102,111,114,109,45,100,97,116,97,59,32,110,97,109,101,61,34,115,99,111,112,101,34,13,10,13,10,13,10,45,45,45,45,45,45,45,45,45,45,45,45,45,45,45,45,45,45,45,45,45,45,45,45,45,45,45,45,50,54,54,101,51,51,51,99,51,99,54,97,56,99,50,98,49,98,54,57,99,54,53,49,45,45,13,10]}}): FetchError: request to https://www.googleapis.com/oauth2/v3/token failed, reason: getaddrinfo ENOTFOUND www.googleapis.com
[error] Authentication Error: Your credentials are no longer valid. Please run firebase login --reauth

For CI servers and headless environments, generate a new token with firebase login:ci
[debug] [2026-07-08T16:35:59.213Z] [iam] error while checking permissions, command may fail: Authentication Error: Your credentials are no longer valid. Please run firebase login --reauth

For CI servers and headless environments, generate a new token with firebase login:ci
[debug] [2026-07-08T16:35:59.213Z] Checked if tokens are valid: false, expires at: 1778979887255
[debug] [2026-07-08T16:35:59.214Z] Checked if tokens are valid: false, expires at: 1778979887255
[debug] [2026-07-08T16:35:59.214Z] > refreshing access token with scopes: []
[debug] [2026-07-08T16:35:59.214Z] >>> [apiv2][query] POST https://www.googleapis.com/oauth2/v3/token [none]
[debug] [2026-07-08T16:35:59.214Z] >>> [apiv2][body] POST https://www.googleapis.com/oauth2/v3/token [omitted]
[debug] [2026-07-08T16:35:59.219Z] *** [apiv2] error from fetch(https://www.googleapis.com/oauth2/v3/token, {"headers":{},"method":"POST","body":{"type":"Buffer","data":[45,45,45,45,45,45,45,45,45,45,45,45,45,45,45,45,45,45,45,45,45,45,45,45,45,45,45,45,99,48,48,48,56,52,100,48,52,52,51,49,100,56,49,57,53,51,98,102,49,99,52,102,13,10,67,111,110,116,101,110,116,45,68,105,115,112,111,115,105,116,105,111,110,58,32,102,111,114,109,45,100,97,116,97,59,32,110,97,109,101,61,34,114,101,102,114,101,115,104,95,116,111,107,101,110,34,13,10,13,10,49,47,47,48,104,104,113,120,86,103,48,107,88,70,87,111,67,103,89,73,65,82,65,65,71,66,69,83,78,119,70,45,76,57,73,114,68,45,67,114,112,104,77,110,75,118,77,120,105,82,84,117,83,56,52,52,45,81,90,54,89,89,119,70,77,67,71,54,55,122,73,77,77,98,99,87,53,114,51,81,81,66,56,85,102,99,97,69,102,122,87,107,90,117,80,90,107,78,45,67,98,49,111,13,10,45,45,45,45,45,45,45,45,45,45,45,45,45,45,45,45,45,45,45,45,45,45,45,45,45,45,45,45,99,48,48,48,56,52,100,48,52,52,51,49,100,56,49,57,53,51,98,102,49,99,52,102,13,10,67,111,110,116,101,110,116,45,68,105,115,112,111,115,105,116,105,111,110,58,32,102,111,114,109,45,100,97,116,97,59,32,110,97,109,101,61,34,99,108,105,101,110,116,95,105,100,34,13,10,13,10,53,54,51,53,56,52,51,51,53,56,54,57,45,102,103,114,104,103,109,100,52,55,98,113,110,101,107,105,106,53,105,56,98,53,112,114,48,51,104,111,56,52,57,101,54,46,97,112,112,115,46,103,111,111,103,108,101,117,115,101,114,99,111,110,116,101,110,116,46,99,111,109,13,10,45,45,45,45,45,45,45,45,45,45,45,45,45,45,45,45,45,45,45,45,45,45,45,45,45,45,45,45,99,48,48,48,56,52,100,48,52,52,51,49,100,56,49,57,53,51,98,102,49,99,52,102,13,10,67,111,110,116,101,110,116,45,68,105,115,112,111,115,105,116,105,111,110,58,32,102,111,114,109,45,100,97,116,97,59,32,110,97,109,101,61,34,99,108,105,101,110,116,95,115,101,99,114,101,116,34,13,10,13,10,106,57,105,86,90,102,83,56,107,107,67,69,70,85,80,97,65,101,74,86,48,115,65,105,13,10,45,45,45,45,45,45,45,45,45,45,45,45,45,45,45,45,45,45,45,45,45,45,45,45,45,45,45,45,99,48,48,48,56,52,100,48,52,52,51,49,100,56,49,57,53,51,98,102,49,99,52,102,13,10,67,111,110,116,101,110,116,45,68,105,115,112,111,115,105,116,105,111,110,58,32,102,111,114,109,45,100,97,116,97,59,32,110,97,109,101,61,34,103,114,97,110,116,95,116,121,112,101,34,13,10,13,10,114,101,102,114,101,115,104,95,116,111,107,101,110,13,10,45,45,45,45,45,45,45,45,45,45,45,45,45,45,45,45,45,45,45,45,45,45,45,45,45,45,45,45,99,48,48,48,56,52,100,48,52,52,51,49,100,56,49,57,53,51,98,102,49,99,52,102,13,10,67,111,110,116,101,110,116,45,68,105,115,112,111,115,105,116,105,111,110,58,32,102,111,114,109,45,100,97,116,97,59,32,110,97,109,101,61,34,115,99,111,112,101,34,13,10,13,10,13,10,45,45,45,45,45,45,45,45,45,45,45,45,45,45,45,45,45,45,45,45,45,45,45,45,45,45,45,45,99,48,48,48,56,52,100,48,52,52,51,49,100,56,49,57,53,51,98,102,49,99,52,102,45,45,13,10]}}): FetchError: request to https://www.googleapis.com/oauth2/v3/token failed, reason: getaddrinfo ENOTFOUND www.googleapis.com
[error] Authentication Error: Your credentials are no longer valid. Please run firebase login --reauth

For CI servers and headless environments, generate a new token with firebase login:ci
[debug] [2026-07-08T16:35:59.219Z] Authentication Error: Your credentials are no longer valid. Please run firebase login --reauth

For CI servers and headless environments, generate a new token with firebase login:ci
[error] 
[error] Error: Assertion failed: resolving hosting target of a site with no site name or target name. This should have caused an error earlier
